// Jest Snapshot v1, https://goo.gl/fbAQLP

exports[`matches snapshot 1`] = `
Array [
  " ",
  <div
    data-testid="effectDetailPage-1"
    style={
      Object {
        "color": "white",
      }
    }
  >
    <button
      className="btn btn-danger m-5 pt-3 pb-3"
      data-testid="backButton-1"
      onClick={[Function]}
    >
      Back to home
    </button>
    No effect with this id
  </div>,
]
`;
