// Jest Snapshot v1, https://goo.gl/fbAQLP

exports[`matches snapshot 1`] = `
<div
  data-testid="navBar"
>
  <nav
    className="navbar navbar-expand-lg navbar-dark"
    style={
      Object {
        "backgroundColor": "#212D3A",
        "paddingBottom": "0.5%",
        "paddingTop": "0.5%",
      }
    }
  >
    <div
      className="container"
    >
      <a
        className="navbar-brand"
        href="/"
        onClick={[Function]}
      >
        Home
      </a>
      <button
        aria-controls="responsive-navbar-nav"
        aria-label="Toggle navigation"
        className="navbar-toggler collapsed"
        onClick={[Function]}
        type="button"
      >
        <span
          className="navbar-toggler-icon"
        />
      </button>
      <div
        aria-expanded={null}
        className="navbar-collapse collapse"
        id="responsive-navbar-nav"
      >
        <div
          className="me-auto navbar-nav"
          onKeyDown={[Function]}
        />
        <div
          className="navbar-nav"
          onKeyDown={[Function]}
          style={
            Object {
              "color": "white",
            }
          }
        >
          <a
            className="text-light nav-link nav-item"
            href="/effect/upload"
            onClick={[Function]}
            style={
              Object {
                "marginRight": "5%",
              }
            }
          >
            Upload
          </a>
          <div
            className="MuiAvatar-root MuiAvatar-circular MuiAvatar-colorDefault css-1r7xqj7-MuiAvatar-root"
          >
            <svg
              aria-hidden={true}
              className="MuiSvgIcon-root MuiSvgIcon-fontSizeMedium MuiAvatar-fallback css-10mi8st-MuiSvgIcon-root-MuiAvatar-fallback"
              data-testid="PersonIcon"
              focusable="false"
              viewBox="0 0 24 24"
            >
              <path
                d="M12 12c2.21 0 4-1.79 4-4s-1.79-4-4-4-4 1.79-4 4 1.79 4 4 4zm0 2c-2.67 0-8 1.34-8 4v2h16v-2c0-2.66-5.33-4-8-4z"
              />
            </svg>
          </div>
          <div
            bg="#212D3A"
            className="nav-item dropdown"
          >
            <a
              aria-expanded={false}
              className="dropdown-toggle nav-link"
              data-rr-ui-event-key={null}
              href="#"
              id="navbarScrollingDropdown"
              onClick={[Function]}
              onKeyDown={[Function]}
              role="button"
              tabIndex={0}
            />
          </div>
        </div>
      </div>
    </div>
  </nav>
</div>
`;
